// Jest Snapshot v1, https://goo.gl/fbAQLP

exports[`core component will render 1`] = `
<div>
  Hello World
</div>
`;
